            97
        93
            92
                90
                    87
                        86
    71
            68
                    62
                61
                    57
        48
47
            43
                39
        37
            35
                33
    22
        19
