(nil (s) (k) (o) (u) (p) (d) (q) (l) (z) (m) (b) (s k) (s o) (s u) (s p) (s d) (s q) (s l) (s z) (s m) (s b) (k o) (k u) (k p) (k d) (k q) (k l) (k z) (k m) (k b) (o u) (o p) (o d) (o q) (o l) (o z) (o m) (o b) (u p) (u d) (u q) (u l) (u z) (u m) (u b) (p d) (p q) (p l) (p z) (p m) (p b) (d q) (d l) (d z) (d m) (d b) (q l) (q z) (q m) (q b) (l z) (l m) (l b) (z m) (z b) (m b) (s k o) (s k u) (s k p) (s k d) (s k q) (s k l) (s k z) (s k m) (s k b) (s o u) (s o p) (s o d) (s o q) (s o l) (s o z) (s o m) (s o b) (s u p) (s u d) (s u q) (s u l) (s u z) (s u m) (s u b) (s p d) (s p q) (s p l) (s p z) (s p m) (s p b) (s d q) (s d l) (s d z) (s d m) (s d b) (s q l) (s q z) (s q m) (s q b) (s l z) (s l m) (s l b) (s z m) (s z b) (s m b) (k o u) (k o p) (k o d) (k o q) (k o l) (k o z) (k o m) (k o b) (k u p) (k u d) (k u q) (k u l) (k u z) (k u m) (k u b) (k p d) (k p q) (k p l) (k p z) (k p m) (k p b) (k d q) (k d l) (k d z) (k d m) (k d b) (k q l) (k q z) (k q m) (k q b) (k l z) (k l m) (k l b) (k z m) (k z b) (k m b) (o u p) (o u d) (o u q) (o u l) (o u z) (o u m) (o u b) (o p d) (o p q) (o p l) (o p z) (o p m) (o p b) (o d q) (o d l) (o d z) (o d m) (o d b) (o q l) (o q z) (o q m) (o q b) (o l z) (o l m) (o l b) (o z m) (o z b) (o m b) (u p d) (u p q) (u p l) (u p z) (u p m) (u p b) (u d q) (u d l) (u d z) (u d m) (u d b) (u q l) (u q z) (u q m) (u q b) (u l z) (u l m) (u l b) (u z m) (u z b) (u m b) (p d q) (p d l) (p d z) (p d m) (p d b) (p q l) (p q z) (p q m) (p q b) (p l z) (p l m) (p l b) (p z m) (p z b) (p m b) (d q l) (d q z) (d q m) (d q b) (d l z) (d l m) (d l b) (d z m) (d z b) (d m b) (q l z) (q l m) (q l b) (q z m) (q z b) (q m b) (l z m) (l z b) (l m b) (z m b) (s k o u) (s k o p) (s k o d) (s k o q) (s k o l) (s k o z) (s k o m) (s k o b) (s k u p) (s k u d) (s k u q) (s k u l) (s k u z) (s k u m) (s k u b) (s k p d) (s k p q) (s k p l) (s k p z) (s k p m) (s k p b) (s k d q) (s k d l) (s k d z) (s k d m) (s k d b) (s k q l) (s k q z) (s k q m) (s k q b) (s k l z) (s k l m) (s k l b) (s k z m) (s k z b) (s k m b) (s o u p) (s o u d) (s o u q) (s o u l) (s o u z) (s o u m) (s o u b) (s o p d) (s o p q) (s o p l) (s o p z) (s o p m) (s o p b) (s o d q) (s o d l) (s o d z) (s o d m) (s o d b) (s o q l) (s o q z) (s o q m) (s o q b) (s o l z) (s o l m) (s o l b) (s o z m) (s o z b) (s o m b) (s u p d) (s u p q) (s u p l) (s u p z) (s u p m) (s u p b) (s u d q) (s u d l) (s u d z) (s u d m) (s u d b) (s u q l) (s u q z) (s u q m) (s u q b) (s u l z) (s u l m) (s u l b) (s u z m) (s u z b) (s u m b) (s p d q) (s p d l) (s p d z) (s p d m) (s p d b) (s p q l) (s p q z) (s p q m) (s p q b) (s p l z) (s p l m) (s p l b) (s p z m) (s p z b) (s p m b) (s d q l) (s d q z) (s d q m) (s d q b) (s d l z) (s d l m) (s d l b) (s d z m) (s d z b) (s d m b) (s q l z) (s q l m) (s q l b) (s q z m) (s q z b) (s q m b) (s l z m) (s l z b) (s l m b) (s z m b) (k o u p) (k o u d) (k o u q) (k o u l) (k o u z) (k o u m) (k o u b) (k o p d) (k o p q) (k o p l) (k o p z) (k o p m) (k o p b) (k o d q) (k o d l) (k o d z) (k o d m) (k o d b) (k o q l) (k o q z) (k o q m) (k o q b) (k o l z) (k o l m) (k o l b) (k o z m) (k o z b) (k o m b) (k u p d) (k u p q) (k u p l) (k u p z) (k u p m) (k u p b) (k u d q) (k u d l) (k u d z) (k u d m) (k u d b) (k u q l) (k u q z) (k u q m) (k u q b) (k u l z) (k u l m) (k u l b) (k u z m) (k u z b) (k u m b) (k p d q) (k p d l) (k p d z) (k p d m) (k p d b) (k p q l) (k p q z) (k p q m) (k p q b) (k p l z) (k p l m) (k p l b) (k p z m) (k p z b) (k p m b) (k d q l) (k d q z) (k d q m) (k d q b) (k d l z) (k d l m) (k d l b) (k d z m) (k d z b) (k d m b) (k q l z) (k q l m) (k q l b) (k q z m) (k q z b) (k q m b) (k l z m) (k l z b) (k l m b) (k z m b) (o u p d) (o u p q) (o u p l) (o u p z) (o u p m) (o u p b) (o u d q) (o u d l) (o u d z) (o u d m) (o u d b) (o u q l) (o u q z) (o u q m) (o u q b) (o u l z) (o u l m) (o u l b) (o u z m) (o u z b) (o u m b) (o p d q) (o p d l) (o p d z) (o p d m) (o p d b) (o p q l) (o p q z) (o p q m) (o p q b) (o p l z) (o p l m) (o p l b) (o p z m) (o p z b) (o p m b) (o d q l) (o d q z) (o d q m) (o d q b) (o d l z) (o d l m) (o d l b) (o d z m) (o d z b) (o d m b) (o q l z) (o q l m) (o q l b) (o q z m) (o q z b) (o q m b) (o l z m) (o l z b) (o l m b) (o z m b) (u p d q) (u p d l) (u p d z) (u p d m) (u p d b) (u p q l) (u p q z) (u p q m) (u p q b) (u p l z) (u p l m) (u p l b) (u p z m) (u p z b) (u p m b) (u d q l) (u d q z) (u d q m) (u d q b) (u d l z) (u d l m) (u d l b) (u d z m) (u d z b) (u d m b) (u q l z) (u q l m) (u q l b) (u q z m) (u q z b) (u q m b) (u l z m) (u l z b) (u l m b) (u z m b) (p d q l) (p d q z) (p d q m) (p d q b) (p d l z) (p d l m) (p d l b) (p d z m) (p d z b) (p d m b) (p q l z) (p q l m) (p q l b) (p q z m) (p q z b) (p q m b) (p l z m) (p l z b) (p l m b) (p z m b) (d q l z) (d q l m) (d q l b) (d q z m) (d q z b) (d q m b) (d l z m) (d l z b) (d l m b) (d z m b) (q l z m) (q l z b) (q l m b) (q z m b) (l z m b) (s k o u p) (s k o u d) (s k o u q) (s k o u l) (s k o u z) (s k o u m) (s k o u b) (s k o p d) (s k o p q) (s k o p l) (s k o p z) (s k o p m) (s k o p b) (s k o d q) (s k o d l) (s k o d z) (s k o d m) (s k o d b) (s k o q l) (s k o q z) (s k o q m) (s k o q b) (s k o l z) (s k o l m) (s k o l b) (s k o z m) (s k o z b) (s k o m b) (s k u p d) (s k u p q) (s k u p l) (s k u p z) (s k u p m) (s k u p b) (s k u d q) (s k u d l) (s k u d z) (s k u d m) (s k u d b) (s k u q l) (s k u q z) (s k u q m) (s k u q b) (s k u l z) (s k u l m) (s k u l b) (s k u z m) (s k u z b) (s k u m b) (s k p d q) (s k p d l) (s k p d z) (s k p d m) (s k p d b) (s k p q l) (s k p q z) (s k p q m) (s k p q b) (s k p l z) (s k p l m) (s k p l b) (s k p z m) (s k p z b) (s k p m b) (s k d q l) (s k d q z) (s k d q m) (s k d q b) (s k d l z) (s k d l m) (s k d l b) (s k d z m) (s k d z b) (s k d m b) (s k q l z) (s k q l m) (s k q l b) (s k q z m) (s k q z b) (s k q m b) (s k l z m) (s k l z b) (s k l m b) (s k z m b) (s o u p d) (s o u p q) (s o u p l) (s o u p z) (s o u p m) (s o u p b) (s o u d q) (s o u d l) (s o u d z) (s o u d m) (s o u d b) (s o u q l) (s o u q z) (s o u q m) (s o u q b) (s o u l z) (s o u l m) (s o u l b) (s o u z m) (s o u z b) (s o u m b) (s o p d q) (s o p d l) (s o p d z) (s o p d m) (s o p d b) (s o p q l) (s o p q z) (s o p q m) (s o p q b) (s o p l z) (s o p l m) (s o p l b) (s o p z m) (s o p z b) (s o p m b) (s o d q l) (s o d q z) (s o d q m) (s o d q b) (s o d l z) (s o d l m) (s o d l b) (s o d z m) (s o d z b) (s o d m b) (s o q l z) (s o q l m) (s o q l b) (s o q z m) (s o q z b) (s o q m b) (s o l z m) (s o l z b) (s o l m b) (s o z m b) (s u p d q) (s u p d l) (s u p d z) (s u p d m) (s u p d b) (s u p q l) (s u p q z) (s u p q m) (s u p q b) (s u p l z) (s u p l m) (s u p l b) (s u p z m) (s u p z b) (s u p m b) (s u d q l) (s u d q z) (s u d q m) (s u d q b) (s u d l z) (s u d l m) (s u d l b) (s u d z m) (s u d z b) (s u d m b) (s u q l z) (s u q l m) (s u q l b) (s u q z m) (s u q z b) (s u q m b) (s u l z m) (s u l z b) (s u l m b) (s u z m b) (s p d q l) (s p d q z) (s p d q m) (s p d q b) (s p d l z) (s p d l m) (s p d l b) (s p d z m) (s p d z b) (s p d m b) (s p q l z) (s p q l m) (s p q l b) (s p q z m) (s p q z b) (s p q m b) (s p l z m) (s p l z b) (s p l m b) (s p z m b) (s d q l z) (s d q l m) (s d q l b) (s d q z m) (s d q z b) (s d q m b) (s d l z m) (s d l z b) (s d l m b) (s d z m b) (s q l z m) (s q l z b) (s q l m b) (s q z m b) (s l z m b) (k o u p d) (k o u p q) (k o u p l) (k o u p z) (k o u p m) (k o u p b) (k o u d q) (k o u d l) (k o u d z) (k o u d m) (k o u d b) (k o u q l) (k o u q z) (k o u q m) (k o u q b) (k o u l z) (k o u l m) (k o u l b) (k o u z m) (k o u z b) (k o u m b) (k o p d q) (k o p d l) (k o p d z) (k o p d m) (k o p d b) (k o p q l) (k o p q z) (k o p q m) (k o p q b) (k o p l z) (k o p l m) (k o p l b) (k o p z m) (k o p z b) (k o p m b) (k o d q l) (k o d q z) (k o d q m) (k o d q b) (k o d l z) (k o d l m) (k o d l b) (k o d z m) (k o d z b) (k o d m b) (k o q l z) (k o q l m) (k o q l b) (k o q z m) (k o q z b) (k o q m b) (k o l z m) (k o l z b) (k o l m b) (k o z m b) (k u p d q) (k u p d l) (k u p d z) (k u p d m) (k u p d b) (k u p q l) (k u p q z) (k u p q m) (k u p q b) (k u p l z) (k u p l m) (k u p l b) (k u p z m) (k u p z b) (k u p m b) (k u d q l) (k u d q z) (k u d q m) (k u d q b) (k u d l z) (k u d l m) (k u d l b) (k u d z m) (k u d z b) (k u d m b) (k u q l z) (k u q l m) (k u q l b) (k u q z m) (k u q z b) (k u q m b) (k u l z m) (k u l z b) (k u l m b) (k u z m b) (k p d q l) (k p d q z) (k p d q m) (k p d q b) (k p d l z) (k p d l m) (k p d l b) (k p d z m) (k p d z b) (k p d m b) (k p q l z) (k p q l m) (k p q l b) (k p q z m) (k p q z b) (k p q m b) (k p l z m) (k p l z b) (k p l m b) (k p z m b) (k d q l z) (k d q l m) (k d q l b) (k d q z m) (k d q z b) (k d q m b) (k d l z m) (k d l z b) (k d l m b) (k d z m b) (k q l z m) (k q l z b) (k q l m b) (k q z m b) (k l z m b) (o u p d q) (o u p d l) (o u p d z) (o u p d m) (o u p d b) (o u p q l) (o u p q z) (o u p q m) (o u p q b) (o u p l z) (o u p l m) (o u p l b) (o u p z m) (o u p z b) (o u p m b) (o u d q l) (o u d q z) (o u d q m) (o u d q b) (o u d l z) (o u d l m) (o u d l b) (o u d z m) (o u d z b) (o u d m b) (o u q l z) (o u q l m) (o u q l b) (o u q z m) (o u q z b) (o u q m b) (o u l z m) (o u l z b) (o u l m b) (o u z m b) (o p d q l) (o p d q z) (o p d q m) (o p d q b) (o p d l z) (o p d l m) (o p d l b) (o p d z m) (o p d z b) (o p d m b) (o p q l z) (o p q l m) (o p q l b) (o p q z m) (o p q z b) (o p q m b) (o p l z m) (o p l z b) (o p l m b) (o p z m b) (o d q l z) (o d q l m) (o d q l b) (o d q z m) (o d q z b) (o d q m b) (o d l z m) (o d l z b) (o d l m b) (o d z m b) (o q l z m) (o q l z b) (o q l m b) (o q z m b) (o l z m b) (u p d q l) (u p d q z) (u p d q m) (u p d q b) (u p d l z) (u p d l m) (u p d l b) (u p d z m) (u p d z b) (u p d m b) (u p q l z) (u p q l m) (u p q l b) (u p q z m) (u p q z b) (u p q m b) (u p l z m) (u p l z b) (u p l m b) (u p z m b) (u d q l z) (u d q l m) (u d q l b) (u d q z m) (u d q z b) (u d q m b) (u d l z m) (u d l z b) (u d l m b) (u d z m b) (u q l z m) (u q l z b) (u q l m b) (u q z m b) (u l z m b) (p d q l z) (p d q l m) (p d q l b) (p d q z m) (p d q z b) (p d q m b) (p d l z m) (p d l z b) (p d l m b) (p d z m b) (p q l z m) (p q l z b) (p q l m b) (p q z m b) (p l z m b) (d q l z m) (d q l z b) (d q l m b) (d q z m b) (d l z m b) (q l z m b) (s k o u p d) (s k o u p q) (s k o u p l) (s k o u p z) (s k o u p m) (s k o u p b) (s k o u d q) (s k o u d l) (s k o u d z) (s k o u d m) (s k o u d b) (s k o u q l) (s k o u q z) (s k o u q m) (s k o u q b) (s k o u l z) (s k o u l m) (s k o u l b) (s k o u z m) (s k o u z b) (s k o u m b) (s k o p d q) (s k o p d l) (s k o p d z) (s k o p d m) (s k o p d b) (s k o p q l) (s k o p q z) (s k o p q m) (s k o p q b) (s k o p l z) (s k o p l m) (s k o p l b) (s k o p z m) (s k o p z b) (s k o p m b) (s k o d q l) (s k o d q z) (s k o d q m) (s k o d q b) (s k o d l z) (s k o d l m) (s k o d l b) (s k o d z m) (s k o d z b) (s k o d m b) (s k o q l z) (s k o q l m) (s k o q l b) (s k o q z m) (s k o q z b) (s k o q m b) (s k o l z m) (s k o l z b) (s k o l m b) (s k o z m b) (s k u p d q) (s k u p d l) (s k u p d z) (s k u p d m) (s k u p d b) (s k u p q l) (s k u p q z) (s k u p q m) (s k u p q b) (s k u p l z) (s k u p l m) (s k u p l b) (s k u p z m) (s k u p z b) (s k u p m b) (s k u d q l) (s k u d q z) (s k u d q m) (s k u d q b) (s k u d l z) (s k u d l m) (s k u d l b) (s k u d z m) (s k u d z b) (s k u d m b) (s k u q l z) (s k u q l m) (s k u q l b) (s k u q z m) (s k u q z b) (s k u q m b) (s k u l z m) (s k u l z b) (s k u l m b) (s k u z m b) (s k p d q l) (s k p d q z) (s k p d q m) (s k p d q b) (s k p d l z) (s k p d l m) (s k p d l b) (s k p d z m) (s k p d z b) (s k p d m b) (s k p q l z) (s k p q l m) (s k p q l b) (s k p q z m) (s k p q z b) (s k p q m b) (s k p l z m) (s k p l z b) (s k p l m b) (s k p z m b) (s k d q l z) (s k d q l m) (s k d q l b) (s k d q z m) (s k d q z b) (s k d q m b) (s k d l z m) (s k d l z b) (s k d l m b) (s k d z m b) (s k q l z m) (s k q l z b) (s k q l m b) (s k q z m b) (s k l z m b) (s o u p d q) (s o u p d l) (s o u p d z) (s o u p d m) (s o u p d b) (s o u p q l) (s o u p q z) (s o u p q m) (s o u p q b) (s o u p l z) (s o u p l m) (s o u p l b) (s o u p z m) (s o u p z b) (s o u p m b) (s o u d q l) (s o u d q z) (s o u d q m) (s o u d q b) (s o u d l z) (s o u d l m) (s o u d l b) (s o u d z m) (s o u d z b) (s o u d m b) (s o u q l z) (s o u q l m) (s o u q l b) (s o u q z m) (s o u q z b) (s o u q m b) (s o u l z m) (s o u l z b) (s o u l m b) (s o u z m b) (s o p d q l) (s o p d q z) (s o p d q m) (s o p d q b) (s o p d l z) (s o p d l m) (s o p d l b) (s o p d z m) (s o p d z b) (s o p d m b) (s o p q l z) (s o p q l m) (s o p q l b) (s o p q z m) (s o p q z b) (s o p q m b) (s o p l z m) (s o p l z b) (s o p l m b) (s o p z m b) (s o d q l z) (s o d q l m) (s o d q l b) (s o d q z m) (s o d q z b) (s o d q m b) (s o d l z m) (s o d l z b) (s o d l m b) (s o d z m b) (s o q l z m) (s o q l z b) (s o q l m b) (s o q z m b) (s o l z m b) (s u p d q l) (s u p d q z) (s u p d q m) (s u p d q b) (s u p d l z) (s u p d l m) (s u p d l b) (s u p d z m) (s u p d z b) (s u p d m b) (s u p q l z) (s u p q l m) (s u p q l b) (s u p q z m) (s u p q z b) (s u p q m b) (s u p l z m) (s u p l z b) (s u p l m b) (s u p z m b) (s u d q l z) (s u d q l m) (s u d q l b) (s u d q z m) (s u d q z b) (s u d q m b) (s u d l z m) (s u d l z b) (s u d l m b) (s u d z m b) (s u q l z m) (s u q l z b) (s u q l m b) (s u q z m b) (s u l z m b) (s p d q l z) (s p d q l m) (s p d q l b) (s p d q z m) (s p d q z b) (s p d q m b) (s p d l z m) (s p d l z b) (s p d l m b) (s p d z m b) (s p q l z m) (s p q l z b) (s p q l m b) (s p q z m b) (s p l z m b) (s d q l z m) (s d q l z b) (s d q l m b) (s d q z m b) (s d l z m b) (s q l z m b) (k o u p d q) (k o u p d l) (k o u p d z) (k o u p d m) (k o u p d b) (k o u p q l) (k o u p q z) (k o u p q m) (k o u p q b) (k o u p l z) (k o u p l m) (k o u p l b) (k o u p z m) (k o u p z b) (k o u p m b) (k o u d q l) (k o u d q z) (k o u d q m) (k o u d q b) (k o u d l z) (k o u d l m) (k o u d l b) (k o u d z m) (k o u d z b) (k o u d m b) (k o u q l z) (k o u q l m) (k o u q l b) (k o u q z m) (k o u q z b) (k o u q m b) (k o u l z m) (k o u l z b) (k o u l m b) (k o u z m b) (k o p d q l) (k o p d q z) (k o p d q m) (k o p d q b) (k o p d l z) (k o p d l m) (k o p d l b) (k o p d z m) (k o p d z b) (k o p d m b) (k o p q l z) (k o p q l m) (k o p q l b) (k o p q z m) (k o p q z b) (k o p q m b) (k o p l z m) (k o p l z b) (k o p l m b) (k o p z m b) (k o d q l z) (k o d q l m) (k o d q l b) (k o d q z m) (k o d q z b) (k o d q m b) (k o d l z m) (k o d l z b) (k o d l m b) (k o d z m b) (k o q l z m) (k o q l z b) (k o q l m b) (k o q z m b) (k o l z m b) (k u p d q l) (k u p d q z) (k u p d q m) (k u p d q b) (k u p d l z) (k u p d l m) (k u p d l b) (k u p d z m) (k u p d z b) (k u p d m b) (k u p q l z) (k u p q l m) (k u p q l b) (k u p q z m) (k u p q z b) (k u p q m b) (k u p l z m) (k u p l z b) (k u p l m b) (k u p z m b) (k u d q l z) (k u d q l m) (k u d q l b) (k u d q z m) (k u d q z b) (k u d q m b) (k u d l z m) (k u d l z b) (k u d l m b) (k u d z m b) (k u q l z m) (k u q l z b) (k u q l m b) (k u q z m b) (k u l z m b) (k p d q l z) (k p d q l m) (k p d q l b) (k p d q z m) (k p d q z b) (k p d q m b) (k p d l z m) (k p d l z b) (k p d l m b) (k p d z m b) (k p q l z m) (k p q l z b) (k p q l m b) (k p q z m b) (k p l z m b) (k d q l z m) (k d q l z b) (k d q l m b) (k d q z m b) (k d l z m b) (k q l z m b) (o u p d q l) (o u p d q z) (o u p d q m) (o u p d q b) (o u p d l z) (o u p d l m) (o u p d l b) (o u p d z m) (o u p d z b) (o u p d m b) (o u p q l z) (o u p q l m) (o u p q l b) (o u p q z m) (o u p q z b) (o u p q m b) (o u p l z m) (o u p l z b) (o u p l m b) (o u p z m b) (o u d q l z) (o u d q l m) (o u d q l b) (o u d q z m) (o u d q z b) (o u d q m b) (o u d l z m) (o u d l z b) (o u d l m b) (o u d z m b) (o u q l z m) (o u q l z b) (o u q l m b) (o u q z m b) (o u l z m b) (o p d q l z) (o p d q l m) (o p d q l b) (o p d q z m) (o p d q z b) (o p d q m b) (o p d l z m) (o p d l z b) (o p d l m b) (o p d z m b) (o p q l z m) (o p q l z b) (o p q l m b) (o p q z m b) (o p l z m b) (o d q l z m) (o d q l z b) (o d q l m b) (o d q z m b) (o d l z m b) (o q l z m b) (u p d q l z) (u p d q l m) (u p d q l b) (u p d q z m) (u p d q z b) (u p d q m b) (u p d l z m) (u p d l z b) (u p d l m b) (u p d z m b) (u p q l z m) (u p q l z b) (u p q l m b) (u p q z m b) (u p l z m b) (u d q l z m) (u d q l z b) (u d q l m b) (u d q z m b) (u d l z m b) (u q l z m b) (p d q l z m) (p d q l z b) (p d q l m b) (p d q z m b) (p d l z m b) (p q l z m b) (d q l z m b) (s k o u p d q) (s k o u p d l) (s k o u p d z) (s k o u p d m) (s k o u p d b) (s k o u p q l) (s k o u p q z) (s k o u p q m) (s k o u p q b) (s k o u p l z) (s k o u p l m) (s k o u p l b) (s k o u p z m) (s k o u p z b) (s k o u p m b) (s k o u d q l) (s k o u d q z) (s k o u d q m) (s k o u d q b) (s k o u d l z) (s k o u d l m) (s k o u d l b) (s k o u d z m) (s k o u d z b) (s k o u d m b) (s k o u q l z) (s k o u q l m) (s k o u q l b) (s k o u q z m) (s k o u q z b) (s k o u q m b) (s k o u l z m) (s k o u l z b) (s k o u l m b) (s k o u z m b) (s k o p d q l) (s k o p d q z) (s k o p d q m) (s k o p d q b) (s k o p d l z) (s k o p d l m) (s k o p d l b) (s k o p d z m) (s k o p d z b) (s k o p d m b) (s k o p q l z) (s k o p q l m) (s k o p q l b) (s k o p q z m) (s k o p q z b) (s k o p q m b) (s k o p l z m) (s k o p l z b) (s k o p l m b) (s k o p z m b) (s k o d q l z) (s k o d q l m) (s k o d q l b) (s k o d q z m) (s k o d q z b) (s k o d q m b) (s k o d l z m) (s k o d l z b) (s k o d l m b) (s k o d z m b) (s k o q l z m) (s k o q l z b) (s k o q l m b) (s k o q z m b) (s k o l z m b) (s k u p d q l) (s k u p d q z) (s k u p d q m) (s k u p d q b) (s k u p d l z) (s k u p d l m) (s k u p d l b) (s k u p d z m) (s k u p d z b) (s k u p d m b) (s k u p q l z) (s k u p q l m) (s k u p q l b) (s k u p q z m) (s k u p q z b) (s k u p q m b) (s k u p l z m) (s k u p l z b) (s k u p l m b) (s k u p z m b) (s k u d q l z) (s k u d q l m) (s k u d q l b) (s k u d q z m) (s k u d q z b) (s k u d q m b) (s k u d l z m) (s k u d l z b) (s k u d l m b) (s k u d z m b) (s k u q l z m) (s k u q l z b) (s k u q l m b) (s k u q z m b) (s k u l z m b) (s k p d q l z) (s k p d q l m) (s k p d q l b) (s k p d q z m) (s k p d q z b) (s k p d q m b) (s k p d l z m) (s k p d l z b) (s k p d l m b) (s k p d z m b) (s k p q l z m) (s k p q l z b) (s k p q l m b) (s k p q z m b) (s k p l z m b) (s k d q l z m) (s k d q l z b) (s k d q l m b) (s k d q z m b) (s k d l z m b) (s k q l z m b) (s o u p d q l) (s o u p d q z) (s o u p d q m) (s o u p d q b) (s o u p d l z) (s o u p d l m) (s o u p d l b) (s o u p d z m) (s o u p d z b) (s o u p d m b) (s o u p q l z) (s o u p q l m) (s o u p q l b) (s o u p q z m) (s o u p q z b) (s o u p q m b) (s o u p l z m) (s o u p l z b) (s o u p l m b) (s o u p z m b) (s o u d q l z) (s o u d q l m) (s o u d q l b) (s o u d q z m) (s o u d q z b) (s o u d q m b) (s o u d l z m) (s o u d l z b) (s o u d l m b) (s o u d z m b) (s o u q l z m) (s o u q l z b) (s o u q l m b) (s o u q z m b) (s o u l z m b) (s o p d q l z) (s o p d q l m) (s o p d q l b) (s o p d q z m) (s o p d q z b) (s o p d q m b) (s o p d l z m) (s o p d l z b) (s o p d l m b) (s o p d z m b) (s o p q l z m) (s o p q l z b) (s o p q l m b) (s o p q z m b) (s o p l z m b) (s o d q l z m) (s o d q l z b) (s o d q l m b) (s o d q z m b) (s o d l z m b) (s o q l z m b) (s u p d q l z) (s u p d q l m) (s u p d q l b) (s u p d q z m) (s u p d q z b) (s u p d q m b) (s u p d l z m) (s u p d l z b) (s u p d l m b) (s u p d z m b) (s u p q l z m) (s u p q l z b) (s u p q l m b) (s u p q z m b) (s u p l z m b) (s u d q l z m) (s u d q l z b) (s u d q l m b) (s u d q z m b) (s u d l z m b) (s u q l z m b) (s p d q l z m) (s p d q l z b) (s p d q l m b) (s p d q z m b) (s p d l z m b) (s p q l z m b) (s d q l z m b) (k o u p d q l) (k o u p d q z) (k o u p d q m) (k o u p d q b) (k o u p d l z) (k o u p d l m) (k o u p d l b) (k o u p d z m) (k o u p d z b) (k o u p d m b) (k o u p q l z) (k o u p q l m) (k o u p q l b) (k o u p q z m) (k o u p q z b) (k o u p q m b) (k o u p l z m) (k o u p l z b) (k o u p l m b) (k o u p z m b) (k o u d q l z) (k o u d q l m) (k o u d q l b) (k o u d q z m) (k o u d q z b) (k o u d q m b) (k o u d l z m) (k o u d l z b) (k o u d l m b) (k o u d z m b) (k o u q l z m) (k o u q l z b) (k o u q l m b) (k o u q z m b) (k o u l z m b) (k o p d q l z) (k o p d q l m) (k o p d q l b) (k o p d q z m) (k o p d q z b) (k o p d q m b) (k o p d l z m) (k o p d l z b) (k o p d l m b) (k o p d z m b) (k o p q l z m) (k o p q l z b) (k o p q l m b) (k o p q z m b) (k o p l z m b) (k o d q l z m) (k o d q l z b) (k o d q l m b) (k o d q z m b) (k o d l z m b) (k o q l z m b) (k u p d q l z) (k u p d q l m) (k u p d q l b) (k u p d q z m) (k u p d q z b) (k u p d q m b) (k u p d l z m) (k u p d l z b) (k u p d l m b) (k u p d z m b) (k u p q l z m) (k u p q l z b) (k u p q l m b) (k u p q z m b) (k u p l z m b) (k u d q l z m) (k u d q l z b) (k u d q l m b) (k u d q z m b) (k u d l z m b) (k u q l z m b) (k p d q l z m) (k p d q l z b) (k p d q l m b) (k p d q z m b) (k p d l z m b) (k p q l z m b) (k d q l z m b) (o u p d q l z) (o u p d q l m) (o u p d q l b) (o u p d q z m) (o u p d q z b) (o u p d q m b) (o u p d l z m) (o u p d l z b) (o u p d l m b) (o u p d z m b) (o u p q l z m) (o u p q l z b) (o u p q l m b) (o u p q z m b) (o u p l z m b) (o u d q l z m) (o u d q l z b) (o u d q l m b) (o u d q z m b) (o u d l z m b) (o u q l z m b) (o p d q l z m) (o p d q l z b) (o p d q l m b) (o p d q z m b) (o p d l z m b) (o p q l z m b) (o d q l z m b) (u p d q l z m) (u p d q l z b) (u p d q l m b) (u p d q z m b) (u p d l z m b) (u p q l z m b) (u d q l z m b) (p d q l z m b) (s k o u p d q l) (s k o u p d q z) (s k o u p d q m) (s k o u p d q b) (s k o u p d l z) (s k o u p d l m) (s k o u p d l b) (s k o u p d z m) (s k o u p d z b) (s k o u p d m b) (s k o u p q l z) (s k o u p q l m) (s k o u p q l b) (s k o u p q z m) (s k o u p q z b) (s k o u p q m b) (s k o u p l z m) (s k o u p l z b) (s k o u p l m b) (s k o u p z m b) (s k o u d q l z) (s k o u d q l m) (s k o u d q l b) (s k o u d q z m) (s k o u d q z b) (s k o u d q m b) (s k o u d l z m) (s k o u d l z b) (s k o u d l m b) (s k o u d z m b) (s k o u q l z m) (s k o u q l z b) (s k o u q l m b) (s k o u q z m b) (s k o u l z m b) (s k o p d q l z) (s k o p d q l m) (s k o p d q l b) (s k o p d q z m) (s k o p d q z b) (s k o p d q m b) (s k o p d l z m) (s k o p d l z b) (s k o p d l m b) (s k o p d z m b) (s k o p q l z m) (s k o p q l z b) (s k o p q l m b) (s k o p q z m b) (s k o p l z m b) (s k o d q l z m) (s k o d q l z b) (s k o d q l m b) (s k o d q z m b) (s k o d l z m b) (s k o q l z m b) (s k u p d q l z) (s k u p d q l m) (s k u p d q l b) (s k u p d q z m) (s k u p d q z b) (s k u p d q m b) (s k u p d l z m) (s k u p d l z b) (s k u p d l m b) (s k u p d z m b) (s k u p q l z m) (s k u p q l z b) (s k u p q l m b) (s k u p q z m b) (s k u p l z m b) (s k u d q l z m) (s k u d q l z b) (s k u d q l m b) (s k u d q z m b) (s k u d l z m b) (s k u q l z m b) (s k p d q l z m) (s k p d q l z b) (s k p d q l m b) (s k p d q z m b) (s k p d l z m b) (s k p q l z m b) (s k d q l z m b) (s o u p d q l z) (s o u p d q l m) (s o u p d q l b) (s o u p d q z m) (s o u p d q z b) (s o u p d q m b) (s o u p d l z m) (s o u p d l z b) (s o u p d l m b) (s o u p d z m b) (s o u p q l z m) (s o u p q l z b) (s o u p q l m b) (s o u p q z m b) (s o u p l z m b) (s o u d q l z m) (s o u d q l z b) (s o u d q l m b) (s o u d q z m b) (s o u d l z m b) (s o u q l z m b) (s o p d q l z m) (s o p d q l z b) (s o p d q l m b) (s o p d q z m b) (s o p d l z m b) (s o p q l z m b) (s o d q l z m b) (s u p d q l z m) (s u p d q l z b) (s u p d q l m b) (s u p d q z m b) (s u p d l z m b) (s u p q l z m b) (s u d q l z m b) (s p d q l z m b) (k o u p d q l z) (k o u p d q l m) (k o u p d q l b) (k o u p d q z m) (k o u p d q z b) (k o u p d q m b) (k o u p d l z m) (k o u p d l z b) (k o u p d l m b) (k o u p d z m b) (k o u p q l z m) (k o u p q l z b) (k o u p q l m b) (k o u p q z m b) (k o u p l z m b) (k o u d q l z m) (k o u d q l z b) (k o u d q l m b) (k o u d q z m b) (k o u d l z m b) (k o u q l z m b) (k o p d q l z m) (k o p d q l z b) (k o p d q l m b) (k o p d q z m b) (k o p d l z m b) (k o p q l z m b) (k o d q l z m b) (k u p d q l z m) (k u p d q l z b) (k u p d q l m b) (k u p d q z m b) (k u p d l z m b) (k u p q l z m b) (k u d q l z m b) (k p d q l z m b) (o u p d q l z m) (o u p d q l z b) (o u p d q l m b) (o u p d q z m b) (o u p d l z m b) (o u p q l z m b) (o u d q l z m b) (o p d q l z m b) (u p d q l z m b) (s k o u p d q l z) (s k o u p d q l m) (s k o u p d q l b) (s k o u p d q z m) (s k o u p d q z b) (s k o u p d q m b) (s k o u p d l z m) (s k o u p d l z b) (s k o u p d l m b) (s k o u p d z m b) (s k o u p q l z m) (s k o u p q l z b) (s k o u p q l m b) (s k o u p q z m b) (s k o u p l z m b) (s k o u d q l z m) (s k o u d q l z b) (s k o u d q l m b) (s k o u d q z m b) (s k o u d l z m b) (s k o u q l z m b) (s k o p d q l z m) (s k o p d q l z b) (s k o p d q l m b) (s k o p d q z m b) (s k o p d l z m b) (s k o p q l z m b) (s k o d q l z m b) (s k u p d q l z m) (s k u p d q l z b) (s k u p d q l m b) (s k u p d q z m b) (s k u p d l z m b) (s k u p q l z m b) (s k u d q l z m b) (s k p d q l z m b) (s o u p d q l z m) (s o u p d q l z b) (s o u p d q l m b) (s o u p d q z m b) (s o u p d l z m b) (s o u p q l z m b) (s o u d q l z m b) (s o p d q l z m b) (s u p d q l z m b) (k o u p d q l z m) (k o u p d q l z b) (k o u p d q l m b) (k o u p d q z m b) (k o u p d l z m b) (k o u p q l z m b) (k o u d q l z m b) (k o p d q l z m b) (k u p d q l z m b) (o u p d q l z m b) (s k o u p d q l z m) (s k o u p d q l z b) (s k o u p d q l m b) (s k o u p d q z m b) (s k o u p d l z m b) (s k o u p q l z m b) (s k o u d q l z m b) (s k o p d q l z m b) (s k u p d q l z m b) (s o u p d q l z m b) (k o u p d q l z m b) (s k o u p d q l z m b))
