((61 129 88 69 86) (30 72 48 49 59) (32 98 61 78 102) (50 112 75 64 82) (56 142 93 100 124))
