(+ 9 z) is 50
(+ 9 z) is 67
(+ 9 z) is 84
(+ 9 z) is 101
(+ 9 z) is 118
(+ 9 z) is 135
