((41 16 26) (147 86 90) (77 60 50) (72 64 48) (160 76 100))
