99
                    88
                81
            75
                71
        69
                63
            61
    49
        37
            24
