[81,10,55,10,36,51,56,85,31,31,34,89,52,91,30,52,60,24,15,41,...]
[19,83,41,93,13,37,39,85,57,46,74,31,77,17,91,12,79,72,82,17,...]
