op is <builtin *(@)>
(-89,-83,22,-35,-82,-30,39,-19,-42,-86,-51,-97,...)
(0,-89,-89,1,-83,7387,2,22,162514,3,-35,-5687990,...)