op is <builtin -(@)>
(-6,-19,41,89,-72,-83,10,-94,73,81,83,-14,...)
(0,-6,-6,1,-19,13,2,41,-28,3,89,-117,...)