(3.0000000000,3.0743604997,3.1511005354,3.2302201071,3.3117192147,...)
(0.000000e+00,0.0740775671,0.1499978236,0.2278188070,0.3075985548,...)
(3.0000000000,3.0743604997,3.1511005354,3.2302201071,3.3117192147,...)
(same-stream? qs ds 10 0.0010000000) is #t
