[19,88,20,59,86,73,53,22,90,92]
[19,88,59,86,73,53,22,90,92]
[19,88,59,86,73,53,22,90]
[19,88,86,73,53,22,90]
[88,86,73,53,22,90]
[86,73,53,22,90]
[86,73,53,22]
[73,53,22]
[73,22]
[22]
[]
