op is <builtin +(@)>
(59,0,-99,-40,-8,3,67,-53,-51,-45,75,-7,...)
(0,59,59,1,0,59,2,-99,-40,3,-40,-80,...)