(-4.0000000000,-4.0022675737,-4.0090702948,-4.0204081632,-4.0362811791,...)
(0.000000e+00,-0.1905301802,-0.3812763199,-0.5724543783,-0.7642803150,...)
(-4.0000000000,-4.0022675737,-4.0090702948,-4.0204081632,-4.0362811791,...)
(same-stream? qs ds 10 0.0010000000) is #t
