(-1.0000000000,-1.0144897959,-1.0293877551,-1.0446938776,-1.0604081633,...)
(0.000000e+00,-0.0143892128,-0.0289883382,-0.0438032070,-0.0588396502,...)
(-1.0000000000,-1.0144897959,-1.0293877551,-1.0446938776,-1.0604081633,...)
(same-stream? qs ds 10 0.0010000000) is #t
