[19,28,50,15,36,38,50,93,84,64,39,18,98,90,41,72,46,36,15,32,11,52,53,12,87,30,85,14,25,93]
