(get (quote code) abs) is (begin (if (<builtin <(@)> n 0) (<builtin -(@)> n) n))
