(1.0000000000,1.0494490728,1.0994356354,1.1499596880,1.2010212306,...)
(0.000000e+00,0.0167987629,0.0344125719,0.0528502385,0.0721205739,...)
(1.0000000000,1.0494490728,1.0994356354,1.1499596880,1.2010212306,...)
(same-stream? qs ds 10 0.0010000000) is #t
