(1.0000000000,-24.500000000,100.04166667,-163.40138889,142.97621528,...)
(1.0000000000,-23.500000000,76.541666667,-86.859722222,56.116493056,...)
(-3.8196721311,14.490506329,-10.605740741,5.7148056555,-0.6527003402,...)
(1.0000000000,-3.8196721311,3.9041298441,0.6050525734,0.7541159532,...)
(mystery x) is $\cos x$
