op is <builtin +(@)>
(-89,-14,-19,-43,-31,38,-1,16,42,99,-93,87,...)
(0,-89,-89,1,-14,-103,2,-19,-122,3,-43,-165,...)