(1.0000000000,-0.000000e+00,0.000000e+00,-0.000000e+00,0.000000e+00,...)
(1.0000000000,1.0000000000,1.0000000000,1.0000000000,1.0000000000,...)
(1.0000000000,1.0000000000,1.0000000000,1.0000000000,1.0000000000,...)
(1.0000000000,1.0000000000,1.0000000000,1.0000000000,1.0000000000,...)
(mystery x) is $\cos x$
