(2.0000000000,2.2809917355,2.5785123966,2.8925619834,3.2231404957,...)
(0.000000e+00,0.1945905334,0.4154770849,0.6641622839,0.9421487602,...)
(2.0000000000,2.2809917355,2.5785123966,2.8925619834,3.2231404957,...)
(same-stream? qs ds 10 0.0010000000) is #t
