[74,91,26,27,50,56,78,67,97,68,98,24,26,78,11,74,68,33,53,78,...]
[29,43,51,53,82,51,78,78,38,26,42,95,47,22,45,44,97,86,47,96,...]
