op is <builtin *(@)>
(-73,-9,-79,24,-90,-40,-11,26,11,-82,30,89,...)
(0,-73,-73,1,-9,657,2,-79,-51903,3,24,-1245672,...)