op is <builtin -(@)>
(-24,74,99,20,84,-6,-82,-7,3,61,58,-19,...)
(0,-24,-24,1,74,-98,2,99,-197,3,20,-217,...)