
out 0  New-value = 0
---------------
0 OR 0
---------------
out 6  New-value = 1
out 12  New-value = 0
output is 0
---------------
0 OR 1
---------------
out 24  New-value = 1
output is 1
---------------
1 OR 1
---------------
output is 1
---------------
1 OR 0
---------------
output is 1
