[35,30,72,17,33,99,99,55,89,28,81,20,97,59,38,68,84,28,10,50,45,45,41,89,81,21,48,81,34,88,58,60,18,31,68,41,30,67,87,20,85,69,30,83,28,59,51,13,77,52,53,22,88,85,11,69,96,50,51,31,38,99,82,46,30,50,78,51,18,66,61,94,35,82,77,53,41,29,57,19,72,11,31,60,86,33,29,82,73,71,14,11,71,86,48,92,36,27,43,45,83,95,39,19,77,17,63,19,37,20,28,99,21,50,59,98,74,79,81,47,50,85,49,21,71,88,14,98,16,47,43,89,42,73,99]
