(1.0000000000,-2.0000000000,0.6666666667,-0.0888888889,0.0063492063,...)
(1.0000000000,-1.0000000000,-0.3333333333,-0.4222222222,-0.4158730159,...)
(-0.5000000000,-0.4117647059,-0.4162962963,-0.4161431949,-0.4161469032,...)
(1.0000000000,-0.5000000000,-0.4160749316,-0.4161468411,-0.4161468365,...)
(mystery x) is $\cos x$
