
out 0  New-value = 0
---------------
0 NOR 0
---------------
out 6  New-value = 1
out 12  New-value = 0
out 18  New-value = 1
output is 1
---------------
0 NOR 1
---------------
out 36  New-value = 0
output is 0
---------------
1 NOR 1
---------------
output is 0
---------------
1 NOR 0
---------------
output is 0
