op is <builtin *(@)>
(94,12,-18,96,76,-51,-51,-29,-11,-6,25,1,...)
(0,94,94,1,12,1128,2,-18,-20304,3,96,-1949184,...)