            88
        78
            77
    61
            60
                    57
                        49
                            46
                37
        25
            22
17
