(nil (c) (g) (z) (w) (x) (c g) (c z) (c w) (c x) (g z) (g w) (g x) (z w) (z x) (w x) (c g z) (c g w) (c g x) (c z w) (c z x) (c w x) (g z w) (g z x) (g w x) (z w x) (c g z w) (c g z x) (c g w x) (c z w x) (g z w x) (c g z w x))
