(define (g x y) ((lambda (w) (inspect w) (+ x y w)) (+ 2 3)))
