((229 179 224) (165 155 142) (107 76 82) (250 222 228) (93 82 90))
