                99
                    97
                            96
                        90
            88
                            83
                        78
                    77
                73
                    72
        70
            66
                57
                        46
                    45
    40
39
    32
