((185 138 112 77 110) (60 52 37 33 41) (118 96 60 54 36) (129 116 75 74 75))
